ARM GAS  C:\Users\anast\AppData\Local\Temp\cc0E6N3d.s 			page 1


   1              		.cpu cortex-m4
   2              		.arch armv7e-m
   3              		.fpu fpv4-sp-d16
   4              		.eabi_attribute 27, 1
   5              		.eabi_attribute 28, 1
   6              		.eabi_attribute 20, 1
   7              		.eabi_attribute 21, 1
   8              		.eabi_attribute 23, 3
   9              		.eabi_attribute 24, 1
  10              		.eabi_attribute 25, 1
  11              		.eabi_attribute 26, 1
  12              		.eabi_attribute 30, 1
  13              		.eabi_attribute 34, 1
  14              		.eabi_attribute 18, 4
  15              		.file	"lb1_main.c"
  16              		.text
  17              	.Ltext0:
  18              		.cfi_sections	.debug_frame
  19              		.file 1 "Core/Src/lb1_main.c"
  20              		.section	.text.main,"ax",%progbits
  21              		.align	1
  22              		.global	main
  23              		.syntax unified
  24              		.thumb
  25              		.thumb_func
  27              	main:
  28              	.LFB130:
   1:Core/Src/lb1_main.c **** //#include <stdint.h>
   2:Core/Src/lb1_main.c **** #include "../Inc/lb1_init.h"
   3:Core/Src/lb1_main.c **** #include "stdbool.h"
   4:Core/Src/lb1_main.c **** 
   5:Core/Src/lb1_main.c **** int main(void){
  29              		.loc 1 5 15 view -0
  30              		.cfi_startproc
  31              		@ args = 0, pretend = 0, frame = 0
  32              		@ frame_needed = 0, uses_anonymous_args = 0
  33 0000 08B5     		push	{r3, lr}
  34              	.LCFI0:
  35              		.cfi_def_cfa_offset 8
  36              		.cfi_offset 3, -8
  37              		.cfi_offset 14, -4
   6:Core/Src/lb1_main.c ****     bool flag = 0;
  38              		.loc 1 6 5 view .LVU1
  39              	.LVL0:
   7:Core/Src/lb1_main.c ****     GPIO_Init_Memory();
  40              		.loc 1 7 5 view .LVU2
  41 0002 FFF7FEFF 		bl	GPIO_Init_Memory
  42              	.LVL1:
   6:Core/Src/lb1_main.c ****     bool flag = 0;
  43              		.loc 1 6 10 is_stmt 0 view .LVU3
  44 0006 0022     		movs	r2, #0
  45 0008 2EE0     		b	.L2
  46              	.LVL2:
  47              	.L3:
   8:Core/Src/lb1_main.c **** 
   9:Core/Src/lb1_main.c ****     while(1){
  10:Core/Src/lb1_main.c ****         //SET_BIT(GPIOB->BSRR, GPIO_BSRR_BR_14 + GPIO_BSRR_BR_7 + GPIO_BSRR_BR_0);
ARM GAS  C:\Users\anast\AppData\Local\Temp\cc0E6N3d.s 			page 2


  11:Core/Src/lb1_main.c ****         if (BIT_READ(GPIOC_IDR, BUTTON1_GPIOC8)){ 
  12:Core/Src/lb1_main.c ****             BIT_SET(GPIOB_BSRR, GPIOB_RED_SET); 
  13:Core/Src/lb1_main.c ****             BIT_SET(GPIOC_MODER, BUTTON3_GPIOC10_OUT);
  14:Core/Src/lb1_main.c ****             flag = 0;
  15:Core/Src/lb1_main.c ****         }
  16:Core/Src/lb1_main.c ****         else { BIT_SET(GPIOB_BSRR, GPIOB_RED_RESET); }
  48              		.loc 1 16 16 is_stmt 1 view .LVU4
  49 000a 2A49     		ldr	r1, .L12
  50 000c D1F81834 		ldr	r3, [r1, #1048]
  51 0010 43F08043 		orr	r3, r3, #1073741824
  52 0014 C1F81834 		str	r3, [r1, #1048]
  53 0018 34E0     		b	.L4
  54              	.L5:
  17:Core/Src/lb1_main.c **** 
  18:Core/Src/lb1_main.c ****         if (BIT_READ(GPIOC_IDR, BUTTON2_GPIOC9)){ 
  19:Core/Src/lb1_main.c ****             BIT_SET(GPIOB_BSRR, GPIOB_BLUE_SET); 
  20:Core/Src/lb1_main.c ****             BIT_SET(GPIOC_MODER, LED_GPIOC10_OUT);
  21:Core/Src/lb1_main.c ****             flag = 1;
  22:Core/Src/lb1_main.c ****         }
  23:Core/Src/lb1_main.c ****         else { BIT_SET(GPIOB_BSRR, GPIOB_BLUE_RESET); }
  55              		.loc 1 23 16 view .LVU5
  56 001a 2649     		ldr	r1, .L12
  57 001c D1F81834 		ldr	r3, [r1, #1048]
  58 0020 43F40000 		orr	r0, r3, #8388608
  59 0024 C1F81804 		str	r0, [r1, #1048]
  24:Core/Src/lb1_main.c **** 
  25:Core/Src/lb1_main.c ****         if (!flag){
  60              		.loc 1 25 9 view .LVU6
  61              		.loc 1 25 12 is_stmt 0 view .LVU7
  62 0028 BAB9     		cbnz	r2, .L7
  26:Core/Src/lb1_main.c ****             if (BIT_READ(GPIOC_IDR, BUTTON3_GPIOC10)){ 
  63              		.loc 1 26 13 is_stmt 1 view .LVU8
  64              		.loc 1 26 17 is_stmt 0 view .LVU9
  65 002a D1F81018 		ldr	r1, [r1, #2064]
  66              		.loc 1 26 16 view .LVU10
  67 002e 11F4806F 		tst	r1, #1024
  68 0032 0CD0     		beq	.L8
  27:Core/Src/lb1_main.c ****                 BIT_SET(GPIOB_BSRR, GPIOB_YELLOW_SET); 
  69              		.loc 1 27 17 is_stmt 1 view .LVU11
  70 0034 40F00103 		orr	r3, r0, #1
  71 0038 1E49     		ldr	r1, .L12
  72 003a C1F81834 		str	r3, [r1, #1048]
  73              	.L9:
  28:Core/Src/lb1_main.c ****             }
  29:Core/Src/lb1_main.c ****             else { BIT_SET(GPIOB_BSRR, GPIOB_YELLOW_RESET); }
  30:Core/Src/lb1_main.c ****             BIT_SET(GPIOC_BSRR, GPIOC_LED_RESET);
  74              		.loc 1 30 13 view .LVU12
  75 003e 1D49     		ldr	r1, .L12
  76 0040 D1F81838 		ldr	r3, [r1, #2072]
  77 0044 43F08063 		orr	r3, r3, #67108864
  78 0048 C1F81838 		str	r3, [r1, #2072]
  79 004c 2EE0     		b	.L6
  80              	.L8:
  29:Core/Src/lb1_main.c ****             BIT_SET(GPIOC_BSRR, GPIOC_LED_RESET);
  81              		.loc 1 29 20 view .LVU13
  82 004e 43F40103 		orr	r3, r3, #8454144
  83 0052 1849     		ldr	r1, .L12
ARM GAS  C:\Users\anast\AppData\Local\Temp\cc0E6N3d.s 			page 3


  84 0054 C1F81834 		str	r3, [r1, #1048]
  85 0058 F1E7     		b	.L9
  86              	.LVL3:
  87              	.L7:
  31:Core/Src/lb1_main.c ****         }
  32:Core/Src/lb1_main.c **** 
  33:Core/Src/lb1_main.c ****         if (flag){
  34:Core/Src/lb1_main.c ****             BIT_SET(GPIOC_BSRR, GPIOC_LED_SET);
  88              		.loc 1 34 13 view .LVU14
  89 005a 1649     		ldr	r1, .L12
  90 005c D1F81838 		ldr	r3, [r1, #2072]
  91 0060 43F48063 		orr	r3, r3, #1024
  92 0064 C1F81838 		str	r3, [r1, #2072]
  93              	.L2:
  94              	.LVL4:
   9:Core/Src/lb1_main.c ****         //SET_BIT(GPIOB->BSRR, GPIO_BSRR_BR_14 + GPIO_BSRR_BR_7 + GPIO_BSRR_BR_0);
  95              		.loc 1 9 5 view .LVU15
  11:Core/Src/lb1_main.c ****             BIT_SET(GPIOB_BSRR, GPIOB_RED_SET); 
  96              		.loc 1 11 9 view .LVU16
  11:Core/Src/lb1_main.c ****             BIT_SET(GPIOB_BSRR, GPIOB_RED_SET); 
  97              		.loc 1 11 13 is_stmt 0 view .LVU17
  98 0068 124B     		ldr	r3, .L12
  99 006a D3F81038 		ldr	r3, [r3, #2064]
  11:Core/Src/lb1_main.c ****             BIT_SET(GPIOB_BSRR, GPIOB_RED_SET); 
 100              		.loc 1 11 12 view .LVU18
 101 006e 13F4807F 		tst	r3, #256
 102 0072 CAD0     		beq	.L3
  12:Core/Src/lb1_main.c ****             BIT_SET(GPIOC_MODER, BUTTON3_GPIOC10_OUT);
 103              		.loc 1 12 13 is_stmt 1 view .LVU19
 104 0074 0F4A     		ldr	r2, .L12
 105              	.LVL5:
  12:Core/Src/lb1_main.c ****             BIT_SET(GPIOC_MODER, BUTTON3_GPIOC10_OUT);
 106              		.loc 1 12 13 is_stmt 0 view .LVU20
 107 0076 D2F81834 		ldr	r3, [r2, #1048]
 108 007a 43F48043 		orr	r3, r3, #16384
 109 007e C2F81834 		str	r3, [r2, #1048]
  13:Core/Src/lb1_main.c ****             flag = 0;
 110              		.loc 1 13 13 is_stmt 1 view .LVU21
  14:Core/Src/lb1_main.c ****         }
 111              		.loc 1 14 13 view .LVU22
 112              	.LVL6:
  14:Core/Src/lb1_main.c ****         }
 113              		.loc 1 14 18 is_stmt 0 view .LVU23
 114 0082 0022     		movs	r2, #0
 115              	.LVL7:
 116              	.L4:
  18:Core/Src/lb1_main.c ****             BIT_SET(GPIOB_BSRR, GPIOB_BLUE_SET); 
 117              		.loc 1 18 9 is_stmt 1 view .LVU24
  18:Core/Src/lb1_main.c ****             BIT_SET(GPIOB_BSRR, GPIOB_BLUE_SET); 
 118              		.loc 1 18 13 is_stmt 0 view .LVU25
 119 0084 0B4B     		ldr	r3, .L12
 120 0086 D3F81038 		ldr	r3, [r3, #2064]
  18:Core/Src/lb1_main.c ****             BIT_SET(GPIOB_BSRR, GPIOB_BLUE_SET); 
 121              		.loc 1 18 12 view .LVU26
 122 008a 13F4007F 		tst	r3, #512
 123 008e C4D0     		beq	.L5
  19:Core/Src/lb1_main.c ****             BIT_SET(GPIOC_MODER, LED_GPIOC10_OUT);
ARM GAS  C:\Users\anast\AppData\Local\Temp\cc0E6N3d.s 			page 4


 124              		.loc 1 19 13 is_stmt 1 view .LVU27
 125 0090 084B     		ldr	r3, .L12
 126 0092 D3F81824 		ldr	r2, [r3, #1048]
 127              	.LVL8:
  19:Core/Src/lb1_main.c ****             BIT_SET(GPIOC_MODER, LED_GPIOC10_OUT);
 128              		.loc 1 19 13 is_stmt 0 view .LVU28
 129 0096 42F08002 		orr	r2, r2, #128
 130 009a C3F81824 		str	r2, [r3, #1048]
  20:Core/Src/lb1_main.c ****             flag = 1;
 131              		.loc 1 20 13 is_stmt 1 view .LVU29
 132 009e D3F80028 		ldr	r2, [r3, #2048]
 133 00a2 42F48012 		orr	r2, r2, #1048576
 134 00a6 C3F80028 		str	r2, [r3, #2048]
  21:Core/Src/lb1_main.c ****         }
 135              		.loc 1 21 13 view .LVU30
 136              	.LVL9:
  25:Core/Src/lb1_main.c ****             if (BIT_READ(GPIOC_IDR, BUTTON3_GPIOC10)){ 
 137              		.loc 1 25 9 view .LVU31
  21:Core/Src/lb1_main.c ****         }
 138              		.loc 1 21 18 is_stmt 0 view .LVU32
 139 00aa 0122     		movs	r2, #1
 140              	.LVL10:
 141              	.L6:
  33:Core/Src/lb1_main.c ****             BIT_SET(GPIOC_BSRR, GPIOC_LED_SET);
 142              		.loc 1 33 9 is_stmt 1 view .LVU33
  33:Core/Src/lb1_main.c ****             BIT_SET(GPIOC_BSRR, GPIOC_LED_SET);
 143              		.loc 1 33 12 is_stmt 0 view .LVU34
 144 00ac 002A     		cmp	r2, #0
 145 00ae DBD0     		beq	.L2
 146 00b0 D3E7     		b	.L7
 147              	.L13:
 148 00b2 00BF     		.align	2
 149              	.L12:
 150 00b4 00000240 		.word	1073872896
 151              		.cfi_endproc
 152              	.LFE130:
 154              		.text
 155              	.Letext0:
 156              		.file 2 "D:/Tools/xpack-arm-none-eabi-gcc-13.2.1-1.1/arm-none-eabi/include/machine/_default_types.
 157              		.file 3 "D:/Tools/xpack-arm-none-eabi-gcc-13.2.1-1.1/arm-none-eabi/include/sys/_stdint.h"
 158              		.file 4 "Core/Src/../Inc/lb1_init.h"
ARM GAS  C:\Users\anast\AppData\Local\Temp\cc0E6N3d.s 			page 5


DEFINED SYMBOLS
                            *ABS*:00000000 lb1_main.c
C:\Users\anast\AppData\Local\Temp\cc0E6N3d.s:21     .text.main:00000000 $t
C:\Users\anast\AppData\Local\Temp\cc0E6N3d.s:27     .text.main:00000000 main
C:\Users\anast\AppData\Local\Temp\cc0E6N3d.s:150    .text.main:000000b4 $d

UNDEFINED SYMBOLS
GPIO_Init_Memory
